../Src/MUSART_Program.c:34:6:MUSART_voidInit	4	static
../Src/MUSART_Program.c:56:6:MUSART_voidSendData	24	static
../Src/MUSART_Program.c:69:6:MUSART_voidSendString	24	static
../Src/MUSART_Program.c:80:4:MUSART_u8ReadData	16	static
../Src/MUSART_Program.c:100:4:MUSART_u8ReadDataAsynch	4	static
../Src/MUSART_Program.c:104:6:MUSART_voidEnable	4	static
../Src/MUSART_Program.c:110:6:MUSART_voidDisable	4	static
../Src/MUSART_Program.c:118:6:MUSART_voidCallBack	16	static
../Src/MUSART_Program.c:127:6:USART1_IRQHandler	8	static
../Src/MUSART_Program.c:138:6:MUART_voidTransmit	24	static
../Src/MUSART_Program.c:158:4:MUART_u8Receive	24	static
../Src/MUSART_Program.c:181:5:HWIFI_u8CommandValidate	120	static
